[tool.robotidy]
overwrite = false
src = ["."]
transform = [
    "DiscardEmptySections"
]