[tool.robotidy]
spacecount = 2
indent = 4
transform = [
    "NormalizeSeparators"
]
configure = [
    "RenameVariables: enabled = True"
]